// Jest Snapshot v1, https://goo.gl/fbAQLP

exports[`Test in <GifGridItem /> should display the component correctly 1`] = `
<DocumentFragment>
  <div
    class="card animate__animated animate__fadeInUp"
    role="listitem"
  >
    <img
      alt="Hey"
      src="https//localhost/algo.png"
    />
    <p>
      Hey
    </p>
  </div>
</DocumentFragment>
`;
